15-May-2026 13:57:35.547 INFO [main] org.apache.catalina.startup.VersionLoggerListener.log Server version name:   Apache Tomcat/10.1.33
15-May-2026 13:57:35.549 INFO [main] org.apache.catalina.startup.VersionLoggerListener.log Server built:          Nov 7 2024 22:28:55 UTC
15-May-2026 13:57:35.550 INFO [main] org.apache.catalina.startup.VersionLoggerListener.log Server version number: 10.1.33.0
15-May-2026 13:57:35.550 INFO [main] org.apache.catalina.startup.VersionLoggerListener.log OS Name:               Linux
15-May-2026 13:57:35.550 INFO [main] org.apache.catalina.startup.VersionLoggerListener.log OS Version:            7.0.6-200.fc44.x86_64
15-May-2026 13:57:35.550 INFO [main] org.apache.catalina.startup.VersionLoggerListener.log Architecture:          amd64
15-May-2026 13:57:35.550 INFO [main] org.apache.catalina.startup.VersionLoggerListener.log Java Home:             /home/guillermo/.sdkman/candidates/java/25-open
15-May-2026 13:57:35.550 INFO [main] org.apache.catalina.startup.VersionLoggerListener.log JVM Version:           25+36-3489
15-May-2026 13:57:35.550 INFO [main] org.apache.catalina.startup.VersionLoggerListener.log JVM Vendor:            Oracle Corporation
15-May-2026 13:57:35.551 INFO [main] org.apache.catalina.startup.VersionLoggerListener.log CATALINA_BASE:         /home/guillermo/3-PRACTICAS-PRESENCIALES/2EVAL/f1-manager-web/apache-tomcat-10.1.33
15-May-2026 13:57:35.551 INFO [main] org.apache.catalina.startup.VersionLoggerListener.log CATALINA_HOME:         /home/guillermo/3-PRACTICAS-PRESENCIALES/2EVAL/f1-manager-web/apache-tomcat-10.1.33
15-May-2026 13:57:35.567 INFO [main] org.apache.catalina.startup.VersionLoggerListener.log Command line argument: -Djava.util.logging.config.file=/home/guillermo/3-PRACTICAS-PRESENCIALES/2EVAL/f1-manager-web/apache-tomcat-10.1.33/conf/logging.properties
15-May-2026 13:57:35.567 INFO [main] org.apache.catalina.startup.VersionLoggerListener.log Command line argument: -Djava.util.logging.manager=org.apache.juli.ClassLoaderLogManager
15-May-2026 13:57:35.567 INFO [main] org.apache.catalina.startup.VersionLoggerListener.log Command line argument: -Djdk.tls.ephemeralDHKeySize=2048
15-May-2026 13:57:35.568 INFO [main] org.apache.catalina.startup.VersionLoggerListener.log Command line argument: -Djava.protocol.handler.pkgs=org.apache.catalina.webresources
15-May-2026 13:57:35.568 INFO [main] org.apache.catalina.startup.VersionLoggerListener.log Command line argument: -Dorg.apache.catalina.security.SecurityListener.UMASK=0027
15-May-2026 13:57:35.568 INFO [main] org.apache.catalina.startup.VersionLoggerListener.log Command line argument: --add-opens=java.base/java.lang=ALL-UNNAMED
15-May-2026 13:57:35.568 INFO [main] org.apache.catalina.startup.VersionLoggerListener.log Command line argument: --add-opens=java.base/java.io=ALL-UNNAMED
15-May-2026 13:57:35.568 INFO [main] org.apache.catalina.startup.VersionLoggerListener.log Command line argument: --add-opens=java.base/java.util=ALL-UNNAMED
15-May-2026 13:57:35.568 INFO [main] org.apache.catalina.startup.VersionLoggerListener.log Command line argument: --add-opens=java.base/java.util.concurrent=ALL-UNNAMED
15-May-2026 13:57:35.568 INFO [main] org.apache.catalina.startup.VersionLoggerListener.log Command line argument: --add-opens=java.rmi/sun.rmi.transport=ALL-UNNAMED
15-May-2026 13:57:35.568 INFO [main] org.apache.catalina.startup.VersionLoggerListener.log Command line argument: -Dcatalina.base=/home/guillermo/3-PRACTICAS-PRESENCIALES/2EVAL/f1-manager-web/apache-tomcat-10.1.33
15-May-2026 13:57:35.568 INFO [main] org.apache.catalina.startup.VersionLoggerListener.log Command line argument: -Dcatalina.home=/home/guillermo/3-PRACTICAS-PRESENCIALES/2EVAL/f1-manager-web/apache-tomcat-10.1.33
15-May-2026 13:57:35.568 INFO [main] org.apache.catalina.startup.VersionLoggerListener.log Command line argument: -Djava.io.tmpdir=/home/guillermo/3-PRACTICAS-PRESENCIALES/2EVAL/f1-manager-web/apache-tomcat-10.1.33/temp
WARNING: A restricted method in java.lang.System has been called
WARNING: java.lang.System::load has been called by org.apache.tomcat.jni.Library in an unnamed module (file:/home/guillermo/3-PRACTICAS-PRESENCIALES/2EVAL/f1-manager-web/apache-tomcat-10.1.33/lib/tomcat-jni.jar)
WARNING: Use --enable-native-access=ALL-UNNAMED to avoid a warning for callers in this module
WARNING: Restricted methods will be blocked in a future release unless native access is enabled

15-May-2026 13:57:35.573 INFO [main] org.apache.catalina.core.AprLifecycleListener.lifecycleEvent The Apache Tomcat Native library which allows using OpenSSL was not found on the java.library.path: [/usr/java/packages/lib:/usr/lib64:/lib64:/lib:/usr/lib]
15-May-2026 13:57:35.894 INFO [main] org.apache.coyote.AbstractProtocol.init Initializing ProtocolHandler ["http-nio-8080"]
15-May-2026 13:57:35.921 INFO [main] org.apache.catalina.startup.Catalina.load Server initialization in [616] milliseconds
15-May-2026 13:57:35.955 INFO [main] org.apache.catalina.core.StandardService.startInternal Starting service [Catalina]
15-May-2026 13:57:35.955 INFO [main] org.apache.catalina.core.StandardEngine.startInternal Starting Servlet engine: [Apache Tomcat/10.1.33]
15-May-2026 13:57:35.970 INFO [main] org.apache.catalina.startup.HostConfig.deployWAR Deploying web application archive [/home/guillermo/3-PRACTICAS-PRESENCIALES/2EVAL/f1-manager-web/apache-tomcat-10.1.33/webapps/f1-manager-web.war]
15-May-2026 13:57:36.558 INFO [main] org.apache.jasper.servlet.TldScanner.scanJars At least one JAR was scanned for TLDs yet contained no TLDs. Enable debug logging for this logger for a complete list of JARs that were scanned but no TLDs were found in them. Skipping unneeded JARs during scanning can improve startup time and JSP compilation time.
15-May-2026 13:57:36.619 INFO [main] org.apache.catalina.startup.HostConfig.deployWAR Deployment of web application archive [/home/guillermo/3-PRACTICAS-PRESENCIALES/2EVAL/f1-manager-web/apache-tomcat-10.1.33/webapps/f1-manager-web.war] has finished in [646] ms
15-May-2026 13:57:36.619 INFO [main] org.apache.catalina.startup.HostConfig.deployDirectory Deploying web application directory [/home/guillermo/3-PRACTICAS-PRESENCIALES/2EVAL/f1-manager-web/apache-tomcat-10.1.33/webapps/ROOT]
15-May-2026 13:57:36.632 INFO [main] org.apache.catalina.startup.HostConfig.deployDirectory Deployment of web application directory [/home/guillermo/3-PRACTICAS-PRESENCIALES/2EVAL/f1-manager-web/apache-tomcat-10.1.33/webapps/ROOT] has finished in [13] ms
15-May-2026 13:57:36.632 INFO [main] org.apache.catalina.startup.HostConfig.deployDirectory Deploying web application directory [/home/guillermo/3-PRACTICAS-PRESENCIALES/2EVAL/f1-manager-web/apache-tomcat-10.1.33/webapps/docs]
15-May-2026 13:57:36.649 INFO [main] org.apache.catalina.startup.HostConfig.deployDirectory Deployment of web application directory [/home/guillermo/3-PRACTICAS-PRESENCIALES/2EVAL/f1-manager-web/apache-tomcat-10.1.33/webapps/docs] has finished in [17] ms
15-May-2026 13:57:36.650 INFO [main] org.apache.catalina.startup.HostConfig.deployDirectory Deploying web application directory [/home/guillermo/3-PRACTICAS-PRESENCIALES/2EVAL/f1-manager-web/apache-tomcat-10.1.33/webapps/examples]
15-May-2026 13:57:36.814 INFO [main] org.apache.catalina.startup.HostConfig.deployDirectory Deployment of web application directory [/home/guillermo/3-PRACTICAS-PRESENCIALES/2EVAL/f1-manager-web/apache-tomcat-10.1.33/webapps/examples] has finished in [165] ms
15-May-2026 13:57:36.814 INFO [main] org.apache.catalina.startup.HostConfig.deployDirectory Deploying web application directory [/home/guillermo/3-PRACTICAS-PRESENCIALES/2EVAL/f1-manager-web/apache-tomcat-10.1.33/webapps/host-manager]
15-May-2026 13:57:36.832 INFO [main] org.apache.catalina.startup.HostConfig.deployDirectory Deployment of web application directory [/home/guillermo/3-PRACTICAS-PRESENCIALES/2EVAL/f1-manager-web/apache-tomcat-10.1.33/webapps/host-manager] has finished in [18] ms
15-May-2026 13:57:36.832 INFO [main] org.apache.catalina.startup.HostConfig.deployDirectory Deploying web application directory [/home/guillermo/3-PRACTICAS-PRESENCIALES/2EVAL/f1-manager-web/apache-tomcat-10.1.33/webapps/manager]
15-May-2026 13:57:36.851 INFO [main] org.apache.catalina.startup.HostConfig.deployDirectory Deployment of web application directory [/home/guillermo/3-PRACTICAS-PRESENCIALES/2EVAL/f1-manager-web/apache-tomcat-10.1.33/webapps/manager] has finished in [19] ms
15-May-2026 13:57:36.855 INFO [main] org.apache.coyote.AbstractProtocol.start Starting ProtocolHandler ["http-nio-8080"]
15-May-2026 13:57:36.868 INFO [main] org.apache.catalina.startup.Catalina.start Server startup in [945] milliseconds
15-May-2026 15:37:13.796 INFO [main] org.apache.catalina.startup.VersionLoggerListener.log Server version name:   Apache Tomcat/10.1.33
15-May-2026 15:37:13.801 INFO [main] org.apache.catalina.startup.VersionLoggerListener.log Server built:          Nov 7 2024 22:28:55 UTC
15-May-2026 15:37:13.802 INFO [main] org.apache.catalina.startup.VersionLoggerListener.log Server version number: 10.1.33.0
15-May-2026 15:37:13.802 INFO [main] org.apache.catalina.startup.VersionLoggerListener.log OS Name:               Linux
15-May-2026 15:37:13.802 INFO [main] org.apache.catalina.startup.VersionLoggerListener.log OS Version:            7.0.6-200.fc44.x86_64
15-May-2026 15:37:13.802 INFO [main] org.apache.catalina.startup.VersionLoggerListener.log Architecture:          amd64
15-May-2026 15:37:13.802 INFO [main] org.apache.catalina.startup.VersionLoggerListener.log Java Home:             /home/guillermo/.sdkman/candidates/java/25-open
15-May-2026 15:37:13.802 INFO [main] org.apache.catalina.startup.VersionLoggerListener.log JVM Version:           25+36-3489
15-May-2026 15:37:13.804 INFO [main] org.apache.catalina.startup.VersionLoggerListener.log JVM Vendor:            Oracle Corporation
15-May-2026 15:37:13.804 INFO [main] org.apache.catalina.startup.VersionLoggerListener.log CATALINA_BASE:         /home/guillermo/3-PRACTICAS-PRESENCIALES/2EVAL/f1-manager-web/apache-tomcat-10.1.33
15-May-2026 15:37:13.804 INFO [main] org.apache.catalina.startup.VersionLoggerListener.log CATALINA_HOME:         /home/guillermo/3-PRACTICAS-PRESENCIALES/2EVAL/f1-manager-web/apache-tomcat-10.1.33
15-May-2026 15:37:13.842 INFO [main] org.apache.catalina.startup.VersionLoggerListener.log Command line argument: -Djava.util.logging.config.file=/home/guillermo/3-PRACTICAS-PRESENCIALES/2EVAL/f1-manager-web/apache-tomcat-10.1.33/conf/logging.properties
15-May-2026 15:37:13.843 INFO [main] org.apache.catalina.startup.VersionLoggerListener.log Command line argument: -Djava.util.logging.manager=org.apache.juli.ClassLoaderLogManager
15-May-2026 15:37:13.843 INFO [main] org.apache.catalina.startup.VersionLoggerListener.log Command line argument: -Djdk.tls.ephemeralDHKeySize=2048
15-May-2026 15:37:13.843 INFO [main] org.apache.catalina.startup.VersionLoggerListener.log Command line argument: -Djava.protocol.handler.pkgs=org.apache.catalina.webresources
15-May-2026 15:37:13.843 INFO [main] org.apache.catalina.startup.VersionLoggerListener.log Command line argument: -Dorg.apache.catalina.security.SecurityListener.UMASK=0027
15-May-2026 15:37:13.843 INFO [main] org.apache.catalina.startup.VersionLoggerListener.log Command line argument: --add-opens=java.base/java.lang=ALL-UNNAMED
15-May-2026 15:37:13.843 INFO [main] org.apache.catalina.startup.VersionLoggerListener.log Command line argument: --add-opens=java.base/java.io=ALL-UNNAMED
15-May-2026 15:37:13.843 INFO [main] org.apache.catalina.startup.VersionLoggerListener.log Command line argument: --add-opens=java.base/java.util=ALL-UNNAMED
15-May-2026 15:37:13.843 INFO [main] org.apache.catalina.startup.VersionLoggerListener.log Command line argument: --add-opens=java.base/java.util.concurrent=ALL-UNNAMED
15-May-2026 15:37:13.844 INFO [main] org.apache.catalina.startup.VersionLoggerListener.log Command line argument: --add-opens=java.rmi/sun.rmi.transport=ALL-UNNAMED
15-May-2026 15:37:13.844 INFO [main] org.apache.catalina.startup.VersionLoggerListener.log Command line argument: -Dcatalina.base=/home/guillermo/3-PRACTICAS-PRESENCIALES/2EVAL/f1-manager-web/apache-tomcat-10.1.33
15-May-2026 15:37:13.844 INFO [main] org.apache.catalina.startup.VersionLoggerListener.log Command line argument: -Dcatalina.home=/home/guillermo/3-PRACTICAS-PRESENCIALES/2EVAL/f1-manager-web/apache-tomcat-10.1.33
15-May-2026 15:37:13.844 INFO [main] org.apache.catalina.startup.VersionLoggerListener.log Command line argument: -Djava.io.tmpdir=/home/guillermo/3-PRACTICAS-PRESENCIALES/2EVAL/f1-manager-web/apache-tomcat-10.1.33/temp
WARNING: A restricted method in java.lang.System has been called
WARNING: java.lang.System::load has been called by org.apache.tomcat.jni.Library in an unnamed module (file:/home/guillermo/3-PRACTICAS-PRESENCIALES/2EVAL/f1-manager-web/apache-tomcat-10.1.33/lib/tomcat-jni.jar)
WARNING: Use --enable-native-access=ALL-UNNAMED to avoid a warning for callers in this module
WARNING: Restricted methods will be blocked in a future release unless native access is enabled

15-May-2026 15:37:13.850 INFO [main] org.apache.catalina.core.AprLifecycleListener.lifecycleEvent The Apache Tomcat Native library which allows using OpenSSL was not found on the java.library.path: [/usr/java/packages/lib:/usr/lib64:/lib64:/lib:/usr/lib]
15-May-2026 15:37:14.142 INFO [main] org.apache.coyote.AbstractProtocol.init Initializing ProtocolHandler ["http-nio-8080"]
15-May-2026 15:37:14.154 SEVERE [main] org.apache.catalina.util.LifecycleBase.handleSubClassException Failed to initialize component [Connector["http-nio-8080"]]
	org.apache.catalina.LifecycleException: Protocol handler initialization failed
		at org.apache.catalina.connector.Connector.initInternal(Connector.java:1030)
		at org.apache.catalina.util.LifecycleBase.init(LifecycleBase.java:122)
		at org.apache.catalina.core.StandardService.initInternal(StandardService.java:525)
		at org.apache.catalina.util.LifecycleBase.init(LifecycleBase.java:122)
		at org.apache.catalina.core.StandardServer.initInternal(StandardServer.java:957)
		at org.apache.catalina.util.LifecycleBase.init(LifecycleBase.java:122)
		at org.apache.catalina.startup.Catalina.load(Catalina.java:708)
		at org.apache.catalina.startup.Catalina.load(Catalina.java:731)
		at java.base/jdk.internal.reflect.DirectMethodHandleAccessor.invoke(DirectMethodHandleAccessor.java:104)
		at java.base/java.lang.reflect.Method.invoke(Method.java:565)
		at org.apache.catalina.startup.Bootstrap.load(Bootstrap.java:302)
		at org.apache.catalina.startup.Bootstrap.main(Bootstrap.java:472)
	Caused by: java.net.BindException: Address already in use
		at java.base/sun.nio.ch.Net.bind0(Native Method)
		at java.base/sun.nio.ch.Net.bind(Net.java:522)
		at java.base/sun.nio.ch.ServerSocketChannelImpl.netBind(ServerSocketChannelImpl.java:335)
		at java.base/sun.nio.ch.ServerSocketChannelImpl.bind(ServerSocketChannelImpl.java:297)
		at org.apache.tomcat.util.net.NioEndpoint.initServerSocket(NioEndpoint.java:239)
		at org.apache.tomcat.util.net.NioEndpoint.bind(NioEndpoint.java:194)
		at org.apache.tomcat.util.net.AbstractEndpoint.bindWithCleanup(AbstractEndpoint.java:1304)
		at org.apache.tomcat.util.net.AbstractEndpoint.init(AbstractEndpoint.java:1317)
		at org.apache.coyote.AbstractProtocol.init(AbstractProtocol.java:633)
		at org.apache.coyote.http11.AbstractHttp11Protocol.init(AbstractHttp11Protocol.java:82)
		at org.apache.catalina.connector.Connector.initInternal(Connector.java:1028)
		... 11 more
15-May-2026 15:37:14.154 INFO [main] org.apache.catalina.startup.Catalina.load Server initialization in [630] milliseconds
15-May-2026 15:37:14.203 INFO [main] org.apache.catalina.core.StandardService.startInternal Starting service [Catalina]
15-May-2026 15:37:14.203 INFO [main] org.apache.catalina.core.StandardEngine.startInternal Starting Servlet engine: [Apache Tomcat/10.1.33]
15-May-2026 15:37:14.222 INFO [main] org.apache.catalina.startup.HostConfig.deployWAR Deploying web application archive [/home/guillermo/3-PRACTICAS-PRESENCIALES/2EVAL/f1-manager-web/apache-tomcat-10.1.33/webapps/f1-manager-web.war]
15-May-2026 15:37:14.244 INFO [main] org.apache.catalina.startup.ExpandWar.expand An expanded directory [/home/guillermo/3-PRACTICAS-PRESENCIALES/2EVAL/f1-manager-web/apache-tomcat-10.1.33/webapps/f1-manager-web] was found with a last modified time that did not match the associated WAR. It will be deleted.
15-May-2026 15:37:14.789 INFO [main] org.apache.jasper.servlet.TldScanner.scanJars At least one JAR was scanned for TLDs yet contained no TLDs. Enable debug logging for this logger for a complete list of JARs that were scanned but no TLDs were found in them. Skipping unneeded JARs during scanning can improve startup time and JSP compilation time.
15-May-2026 15:37:14.844 INFO [main] org.apache.catalina.startup.HostConfig.deployWAR Deployment of web application archive [/home/guillermo/3-PRACTICAS-PRESENCIALES/2EVAL/f1-manager-web/apache-tomcat-10.1.33/webapps/f1-manager-web.war] has finished in [616] ms
15-May-2026 15:37:14.845 INFO [main] org.apache.catalina.startup.HostConfig.deployDirectory Deploying web application directory [/home/guillermo/3-PRACTICAS-PRESENCIALES/2EVAL/f1-manager-web/apache-tomcat-10.1.33/webapps/ROOT]
15-May-2026 15:37:14.878 INFO [main] org.apache.catalina.startup.HostConfig.deployDirectory Deployment of web application directory [/home/guillermo/3-PRACTICAS-PRESENCIALES/2EVAL/f1-manager-web/apache-tomcat-10.1.33/webapps/ROOT] has finished in [32] ms
15-May-2026 15:37:14.878 INFO [main] org.apache.catalina.startup.HostConfig.deployDirectory Deploying web application directory [/home/guillermo/3-PRACTICAS-PRESENCIALES/2EVAL/f1-manager-web/apache-tomcat-10.1.33/webapps/docs]
15-May-2026 15:37:14.897 INFO [main] org.apache.catalina.startup.HostConfig.deployDirectory Deployment of web application directory [/home/guillermo/3-PRACTICAS-PRESENCIALES/2EVAL/f1-manager-web/apache-tomcat-10.1.33/webapps/docs] has finished in [19] ms
15-May-2026 15:37:14.898 INFO [main] org.apache.catalina.startup.HostConfig.deployDirectory Deploying web application directory [/home/guillermo/3-PRACTICAS-PRESENCIALES/2EVAL/f1-manager-web/apache-tomcat-10.1.33/webapps/examples]
15-May-2026 15:37:15.073 INFO [main] org.apache.catalina.startup.HostConfig.deployDirectory Deployment of web application directory [/home/guillermo/3-PRACTICAS-PRESENCIALES/2EVAL/f1-manager-web/apache-tomcat-10.1.33/webapps/examples] has finished in [175] ms
15-May-2026 15:37:15.073 INFO [main] org.apache.catalina.startup.HostConfig.deployDirectory Deploying web application directory [/home/guillermo/3-PRACTICAS-PRESENCIALES/2EVAL/f1-manager-web/apache-tomcat-10.1.33/webapps/host-manager]
15-May-2026 15:37:15.091 INFO [main] org.apache.catalina.startup.HostConfig.deployDirectory Deployment of web application directory [/home/guillermo/3-PRACTICAS-PRESENCIALES/2EVAL/f1-manager-web/apache-tomcat-10.1.33/webapps/host-manager] has finished in [18] ms
15-May-2026 15:37:15.092 INFO [main] org.apache.catalina.startup.HostConfig.deployDirectory Deploying web application directory [/home/guillermo/3-PRACTICAS-PRESENCIALES/2EVAL/f1-manager-web/apache-tomcat-10.1.33/webapps/manager]
15-May-2026 15:37:15.110 INFO [main] org.apache.catalina.startup.HostConfig.deployDirectory Deployment of web application directory [/home/guillermo/3-PRACTICAS-PRESENCIALES/2EVAL/f1-manager-web/apache-tomcat-10.1.33/webapps/manager] has finished in [18] ms
15-May-2026 15:37:15.114 INFO [main] org.apache.catalina.startup.Catalina.start Server startup in [958] milliseconds
15-May-2026 15:37:15.118 SEVERE [main] org.apache.catalina.core.StandardServer.await Failed to create server shutdown socket on address [localhost] and port [8005] (base port [8005] and offset [0])
	java.net.BindException: Address already in use
		at java.base/sun.nio.ch.Net.bind0(Native Method)
		at java.base/sun.nio.ch.Net.bind(Net.java:522)
		at java.base/sun.nio.ch.Net.bind(Net.java:511)
		at java.base/sun.nio.ch.NioSocketImpl.bind(NioSocketImpl.java:641)
		at java.base/java.net.ServerSocket.bind(ServerSocket.java:326)
		at java.base/java.net.ServerSocket.<init>(ServerSocket.java:222)
		at org.apache.catalina.core.StandardServer.await(StandardServer.java:533)
		at org.apache.catalina.startup.Catalina.await(Catalina.java:847)
		at org.apache.catalina.startup.Catalina.start(Catalina.java:795)
		at java.base/jdk.internal.reflect.DirectMethodHandleAccessor.invoke(DirectMethodHandleAccessor.java:104)
		at java.base/java.lang.reflect.Method.invoke(Method.java:565)
		at org.apache.catalina.startup.Bootstrap.start(Bootstrap.java:345)
		at org.apache.catalina.startup.Bootstrap.main(Bootstrap.java:473)
15-May-2026 15:37:15.118 INFO [main] org.apache.coyote.AbstractProtocol.pause Pausing ProtocolHandler ["http-nio-8080"]
15-May-2026 15:37:15.119 INFO [main] org.apache.catalina.core.StandardService.stopInternal Stopping service [Catalina]
15-May-2026 15:37:15.143 INFO [main] org.apache.coyote.AbstractProtocol.stop Stopping ProtocolHandler ["http-nio-8080"]
15-May-2026 15:37:15.144 INFO [main] org.apache.coyote.AbstractProtocol.destroy Destroying ProtocolHandler ["http-nio-8080"]
15-May-2026 15:37:15.366 INFO [Catalina-utility-2] org.apache.catalina.startup.HostConfig.undeploy Undeploying context [/f1-manager-web]
15-May-2026 15:37:15.406 WARNING [Catalina-utility-2] org.apache.catalina.loader.WebappClassLoaderBase.clearReferencesJdbc The web application [f1-manager-web] registered the JDBC driver [com.mysql.cj.jdbc.Driver] but failed to unregister it when the web application was stopped. To prevent a memory leak, the JDBC Driver has been forcibly unregistered.
15-May-2026 15:37:15.407 WARNING [Catalina-utility-2] org.apache.catalina.loader.WebappClassLoaderBase.clearReferencesThreads The web application [f1-manager-web] appears to have started a thread named [mysql-cj-abandoned-connection-cleanup] but has failed to stop it. This is very likely to create a memory leak. Stack trace of thread:
 java.base/java.lang.Object.wait0(Native Method)
 java.base/java.lang.Object.wait(Object.java:389)
 java.base/java.lang.ref.ReferenceQueue.remove0(ReferenceQueue.java:123)
 java.base/java.lang.ref.ReferenceQueue.remove(ReferenceQueue.java:201)
 com.mysql.cj.jdbc.AbandonedConnectionCleanupThread.run(AbandonedConnectionCleanupThread.java:84)
 java.base/java.util.concurrent.ThreadPoolExecutor.runWorker(ThreadPoolExecutor.java:1090)
 java.base/java.util.concurrent.ThreadPoolExecutor$Worker.run(ThreadPoolExecutor.java:614)
 java.base/java.lang.Thread.run(Thread.java:1474)
15-May-2026 15:37:15.429 INFO [Catalina-utility-2] org.apache.catalina.startup.HostConfig.deployWAR Deploying web application archive [/home/guillermo/3-PRACTICAS-PRESENCIALES/2EVAL/f1-manager-web/apache-tomcat-10.1.33/webapps/f1-manager-web.war]
15-May-2026 15:37:15.793 INFO [Catalina-utility-2] org.apache.jasper.servlet.TldScanner.scanJars At least one JAR was scanned for TLDs yet contained no TLDs. Enable debug logging for this logger for a complete list of JARs that were scanned but no TLDs were found in them. Skipping unneeded JARs during scanning can improve startup time and JSP compilation time.
15-May-2026 15:37:15.807 INFO [Catalina-utility-2] org.apache.catalina.startup.HostConfig.deployWAR Deployment of web application archive [/home/guillermo/3-PRACTICAS-PRESENCIALES/2EVAL/f1-manager-web/apache-tomcat-10.1.33/webapps/f1-manager-web.war] has finished in [377] ms
15-May-2026 15:37:20.359 INFO [mysql-cj-abandoned-connection-cleanup] org.apache.catalina.loader.WebappClassLoaderBase.checkStateForResourceLoading Illegal access: this web application instance has been stopped already. Could not load []. The following stack trace is thrown for debugging purposes as well as to attempt to terminate the thread which caused the illegal access.
	java.lang.IllegalStateException: Illegal access: this web application instance has been stopped already. Could not load []. The following stack trace is thrown for debugging purposes as well as to attempt to terminate the thread which caused the illegal access.
		at org.apache.catalina.loader.WebappClassLoaderBase.checkStateForResourceLoading(WebappClassLoaderBase.java:1384)
		at org.apache.catalina.loader.WebappClassLoaderBase.getResource(WebappClassLoaderBase.java:975)
		at com.mysql.cj.jdbc.AbandonedConnectionCleanupThread.checkThreadContextClassLoader(AbandonedConnectionCleanupThread.java:116)
		at com.mysql.cj.jdbc.AbandonedConnectionCleanupThread.run(AbandonedConnectionCleanupThread.java:83)
		at java.base/java.util.concurrent.ThreadPoolExecutor.runWorker(ThreadPoolExecutor.java:1090)
		at java.base/java.util.concurrent.ThreadPoolExecutor$Worker.run(ThreadPoolExecutor.java:614)
		at java.base/java.lang.Thread.run(Thread.java:1474)
SUCCESS: Loaded application-local.properties
